<html>
<body>
<pre>
<h1>µVision Build Log</h1>
<h2>Tool Versions:</h2>
IDE-Version: ¦ÌVision V5.24.2.0
Copyright (C) 2017 ARM Ltd and ARM Germany GmbH. All rights reserved.
License Information: sun pz, sj, LIC=BUUKP-MB9PM-SANDJ-UE9X7-8WHZ9-C52GJ
 
Tool Versions:
Toolchain:       MDK-ARM Plus  Version: 5.24.1
Toolchain Path:  d:\Keil_v5\ARM\ARMCC\Bin
C Compiler:      Armcc.exe V5.06 update 5 (build 528)
Assembler:       Armasm.exe V5.06 update 5 (build 528)
Linker/Locator:  ArmLink.exe V5.06 update 5 (build 528)
Library Manager: ArmAr.exe V5.06 update 5 (build 528)
Hex Converter:   FromElf.exe V5.06 update 5 (build 528)
CPU DLL:         SARMCM3.DLL V5.24.1
Dialog DLL:      DARMCM1.DLL V1.18.0.0
Target DLL:      Segger\JL2CM3.dll V2.99.26.0
Dialog DLL:      TARMCM1.DLL V1.13.0.0
 
<h2>Project:</h2>
E:\05_Git\01_Gitlab\02_Eastsoft\26_cola_os\cola_os\bsp\STM32F0xx\STM32F0xx.uvprojx
Project File Date:  10/09/2019

<h2>Output:</h2>
*** Using Compiler 'V5.06 update 5 (build 528)', folder: 'd:\Keil_v5\ARM\ARMCC\Bin'
Build target 'Project_Name'
compiling cola_init.c...
linking...
.\Objects\ExecutableFile.axf: Warning: L6330W: Undefined symbol initcall3init$$Base (referred from cola_init.o). Unused section has been removed.
.\Objects\ExecutableFile.axf: Warning: L6330W: Undefined symbol initcall3init$$Limit (referred from cola_init.o). Unused section has been removed.
Program Size: Code=2368 RO-data=224 RW-data=60 ZI-data=1068  
Finished: 0 information, 2 warning and 0 error messages.
FromELF: creating hex file...
".\Objects\ExecutableFile.axf" - 0 Error(s), 2 Warning(s).

<h2>Software Packages used:</h2>

Package Vendor: Keil
                http://www.keil.com/pack/Keil.STM32F0xx_DFP.1.4.0.pack
                Keil.STM32F0xx_DFP.1.4.0
                STMicroelectronics STM32F0 Series Device Support and Examples

<h2>Collection of Component include folders:</h2>
  .\RTE\_Project_Name
  d:\Keil_v5\ARM\PACK\Keil\STM32F0xx_DFP\1.4.0\Device\Include

<h2>Collection of Component Files used:</h2>
Build Time Elapsed:  00:00:01
</pre>
</body>
</html>
